// Jest Snapshot v1, https://goo.gl/fbAQLP

exports[`should render NotFoundPage correctly 1`] = `
<div>
  404 - 
  <Link
    replace=***REMOVED***false***REMOVED***
    to="/"
  >
    Go home
  </Link>
</div>
`;
